[web.archive.org/web/20241230193547/https_/www.cdc.gov/index.html]
[archive.org/includes/athena.js]
[web-static.archive.org/_static/js/bundle-playback2c8b.js]
[web-static.archive.org/_static/js/wombat9b8c.js]
[web-static.archive.org/_static/js/ruffle/ruffle.js]
[web-static.archive.org/_static/css/banner-styles3ae1.css]
[web-static.archive.org/_static/css/iconochive29a7.css]
[web.archive.org/web/20241230191344im_/https_/www.cdc.gov/TemplatePackage/5.0/img/favicon/apple-touch-icon.png]
[web.archive.org/web/20241230191344im_/https_/www.cdc.gov/TemplatePackage/5.0/img/favicon/favicon-32x32.png]
[web.archive.org/web/20241230191344im_/https_/www.cdc.gov/TemplatePackage/5.0/img/favicon/favicon-16x16.png]
[web.archive.org/web/20241230180632cs_/https_/www.cdc.gov/TemplatePackage/5.0/css/homepage/hp-2024.min8ddc.css]
[web.archive.org/web/20241230191344cs_/https_/www.cdc.gov/TemplatePackage/5.0/css/print.min8ddc.css]
[web.archive.org/web/20241230191344js_/https_/www.cdc.gov/JScript/metrics/topic_levelsa748.js]
[backblue.gif]
[fade.gif]
[index.html]
[web.archive.org/web/20241230191344js_/https_/www.cdc.gov/JScript/metrics/adobe/launch/b36c1852e229/2c674008a127/launch-04da70ea688d.mina748.js]
[web.archive.org/web/20241230180632cs_/https_/www.cdc.gov/homepage/hp2024.css]
[web-static.archive.org/_static/images/toolbar/wayback-toolbar-logo-200.png]
[web-static.archive.org/_static/images/toolbar/wm_tb_prv_on.png]
[web-static.archive.org/_static/images/toolbar/wm_tb_nxt_on.png]
[web-static.archive.org/_static/images/loading.gif]
[web.archive.org/web/20241230191344im_/https_/www.cdc.gov/TemplatePackage/5.0/img/uswds/us_flag_small.png]
[web.archive.org/web/20241231044952im_/https_/www.cdc.gov/homepage/images/common-cold.jpg]
[web.archive.org/web/20241231044955im_/https_/www.cdc.gov/TemplatePackage/5.0/img/homepage/aboutcdc.jpg]
[web.archive.org/web/20241230180633im_/https_/www.cdc.gov/homepage/images/banner/smoke-free-2025.jpg]
[web.archive.org/web/20241231044951im_/https_/www.cdc.gov/homepage/images/banner/healthy-holiday-travel.jpg]
[web.archive.org/web/20241231044946im_/https_/www.cdc.gov/homepage/images/banner/bird-flu-1700x768-1.jpg]
[web.archive.org/web/20241231044953im_/https_/www.cdc.gov/TemplatePackage/5.0/img/homepage/mmwr.jpg]
[web.archive.org/web/20241231044954im_/https_/www.cdc.gov/TemplatePackage/5.0/img/homepage/eid.jpg]
[web.archive.org/web/20241231044955im_/https_/www.cdc.gov/TemplatePackage/5.0/img/homepage/pcd.jpg]
[web.archive.org/web/20241231044946im_/https_/www.cdc.gov/homepage/images/science-cdc.jpg]
[web.archive.org/web/20241231044953im_/https_/www.cdc.gov/TemplatePackage/5.0/img/homepage/cdc-director.jpg]
[web.archive.org/web/20241230194721js_/https_/www.cdc.gov/config/cdc_config.js]
[web.archive.org/web/20241230191344js_/https_/www.cdc.gov/TemplatePackage/contrib/libs/bootstrap/5x/bootstrap.bundle.min8ddc.js]
[web.archive.org/web/20241230191344js_/https_/www.cdc.gov/TemplatePackage/contrib/libs/jquery/latest/jquery8ddc.js]
[web.archive.org/web/20241230180632js_/https_/www.cdc.gov/TemplatePackage/5.0/js/libs/wow.min8ddc.js]
[web.archive.org/web/20241230180632js_/https_/www.cdc.gov/TemplatePackage/5.0/js/homepage/cdc-hp-2024.min8ddc.js]
[web.archive.org/web/20241230191344js_/https_/www.cdc.gov/TemplatePackage/5.0/js/app8ddc.js]
[web.archive.org/web/20241230193547/https_/www.cdc.gov/index.html]
[athena.archive.org/0.gif]
[archive.org/includes/athena.js]
[web-static.archive.org/_static/css/banner-styles3ae1.css]
[web-static.archive.org/_static/css/iconochive29a7.css]
[web.archive.org/web/20241230180632cs_/https_/www.cdc.gov/TemplatePackage/5.0/css/homepage/hp-2024.min8ddc.css]
[web.archive.org/web/20241230191344cs_/https_/www.cdc.gov/TemplatePackage/5.0/css/print.min8ddc.css]
[web.archive.org/web/20241230180632cs_/https_/www.cdc.gov/homepage/hp2024.css]
[web.archive.org/web/20241230193547/https_/www.cdc.gov/spanish/index.html]
[web.archive.org/web/20241230193547/https_/www.cdc.gov/about/index.html]
[web.archive.org/web/20241230193547/https_/www.cdc.gov/clean-hands/data-research/facts-stats/index.html]
[web.archive.org/web/20241230193547/https_/www.cdc.gov/dengue/prevention/index.html]
[web.archive.org/web/20241230193547/https_/www.cdc.gov/common-cold/about/index.html]
[web.archive.org/web/20241230193547/https_/www.cdc.gov/measles/data-research/index.html]
[web.archive.org/web/20241230193547/https_/www.cdc.gov/mpox/outbreaks/2023/index.html]
[web.archive.org/web/20241230193547/https_/www.cdc.gov/media/index.html]
[web.archive.org/web/20241230193547/https_/www.cdc.gov/about/organization/index.html]
[web.archive.org/web/20241230193547/https_/www.cdc.gov/about/leadership/index.html]
[web.archive.org/web/20241230193547/https_/www.cdc.gov/labs/strong-lab-safety/index.html]
[web.archive.org/web/20241230193547/https_/www.cdc.gov/budget/index.html]
[web.archive.org/web/20241230193547/https_/www.cdc.gov/museum/index.html]
[web.archive.org/web/20241230193547/https_/www.cdc.gov/foia/index.html]
[web.archive.org/web/20241230193547/https_/www.cdc.gov/oeeowe/no-fear-act/index.html]
[web.archive.org/web/20241230180633js_/https_/www.cdc.gov/homepage/hp2024.js]
